// Jest Snapshot v1, https://goo.gl/fbAQLP

exports[`<HelloWorld /> should render the heading 1`] = `
.c0 {
  display: -webkit-box;
  display: -webkit-flex;
  display: -ms-flexbox;
  display: flex;
  -webkit-align-items: center;
  -webkit-box-align: center;
  -ms-flex-align: center;
  align-items: center;
  -webkit-box-pack: center;
  -webkit-justify-content: center;
  -ms-flex-pack: center;
  justify-content: center;
  -webkit-flex-direction: column;
  -ms-flex-direction: column;
  flex-direction: column;
  height: 100vh;
  background: #1a1a1a;
}

.c1 {
  color: #f5f5f5;
}

<main
  class="c0"
>
  <h1
    class="c1"
  >
    Hello World
  </h1>
</main>
`;
